
> ndl-jp-lit-mcp@0.1.0 test
> vitest run tests/kokkai.adapter.test.ts


[1m[46m RUN [49m[22m [36mv3.2.4 [39m[90mJ:/apps/ndl-jp-lit-mcp[39m

 [32m✓[39m tests/kokkai.adapter.test.ts [2m([22m[2m11 tests[22m[2m)[22m[32m 95[2mms[22m[39m

[2m Test Files [22m [1m[32m1 passed[39m[22m[90m (1)[39m
[2m      Tests [22m [1m[32m11 passed[39m[22m[90m (11)[39m
[2m   Start at [22m 15:22:14
[2m   Duration [22m 791ms[2m (transform 105ms, setup 0ms, collect 93ms, tests 95ms, environment 0ms, prepare 184ms)[22m

